  Determining projects to restore...
  All projects are up-to-date for restore.
  AstervoidsWeb -> /home/runner/work/astervoids/astervoids/AstervoidsWeb/bin/Debug/net10.0/AstervoidsWeb.dll
  AstervoidsWeb.Tests -> /home/runner/work/astervoids/astervoids/AstervoidsWeb.Tests/bin/Debug/net10.0/AstervoidsWeb.Tests.dll
Test run for /home/runner/work/astervoids/astervoids/AstervoidsWeb.Tests/bin/Debug/net10.0/AstervoidsWeb.Tests.dll (.NETCoreApp,Version=v10.0)
VSTest version 18.0.1 (x64)

Starting test execution, please wait...
A total of 1 test files matched the specified pattern.
/home/runner/work/astervoids/astervoids/AstervoidsWeb.Tests/bin/Debug/net10.0/AstervoidsWeb.Tests.dll
[xUnit.net 00:00:00.00] xUnit.net VSTest Adapter v3.1.4+50e68bbb8b (64-bit .NET 10.0.2)
[xUnit.net 00:00:00.08]   Discovering: AstervoidsWeb.Tests
[xUnit.net 00:00:00.12]   Discovered:  AstervoidsWeb.Tests
[xUnit.net 00:00:00.14]   Starting:    AstervoidsWeb.Tests
     Warning:
     The component "Fluent Assertions" is governed by the rules defined in the Xceed License Agreement and
     the Xceed Fluent Assertions Community License. You may use Fluent Assertions free of charge for
     non-commercial use only. An active subscription is required to use Fluent Assertions for commercial use.
     Please contact Xceed Sales mailto:sales@xceed.com to acquire a subscription at a very low cost.
     A paid commercial license supports the development and continued increasing support of
     Fluent Assertions users under both commercial and community licenses. Help us
     keep Fluent Assertions at the forefront of unit testing.
     For more information, visit https://xceed.com/products/unit-testing/fluent-assertions/
  Passed AstervoidsWeb.Tests.SessionServiceTests.JoinSession_NonExistentSession_ShouldFail [27 ms]
  Passed AstervoidsWeb.Tests.ServerPromotionTests.ServerLeaves_MemberScopedObjectsDeleted_SessionScopedMigrated [30 ms]
  Passed AstervoidsWeb.Tests.ServerPromotionTests.RapidServerChanges_ShouldAlwaysHaveOneServer [2 ms]
  Passed AstervoidsWeb.Tests.ServerPromotionTests.ServerLeaves_NoClients_ShouldDestroySession [< 1 ms]
  Passed AstervoidsWeb.Tests.SessionServiceTests.GetActiveSessions_ShouldReturnAllSessions [4 ms]
  Passed AstervoidsWeb.Tests.ServerPromotionTests.ServerLeaves_WithMultipleClients_ShouldPromoteOneClient [1 ms]
  Passed AstervoidsWeb.Tests.SessionServiceTests.GetSessionByConnectionId_ShouldReturnSession [1 ms]
  Passed AstervoidsWeb.Tests.ServerPromotionTests.ConcurrentJoinsAndLeaves_ShouldMaintainSessionIntegrity [3 ms]
  Passed AstervoidsWeb.Tests.SessionServiceTests.JoinSession_SessionFull_ShouldFail [2 ms]
  Passed AstervoidsWeb.Tests.ServerPromotionTests.ClientLeaves_ShouldNotAffectServerRole [< 1 ms]
  Passed AstervoidsWeb.Tests.SessionServiceTests.JoinSession_WhileAlreadyInSession_ShouldFail [< 1 ms]
  Passed AstervoidsWeb.Tests.ServerPromotionTests.ServerLeaves_SessionVersionShouldIncrement [1 ms]
  Passed AstervoidsWeb.Tests.SessionServiceTests.CreateSession_ShouldCreateSessionWithFruitName [2 ms]
  Passed AstervoidsWeb.Tests.SessionServiceTests.CreateSession_MultipleSessions_ShouldHaveUniqueFruitNames [1 ms]
  Passed AstervoidsWeb.Tests.SessionServiceTests.CreateSession_WhileAlreadyInSession_ShouldFail [< 1 ms]
  Passed AstervoidsWeb.Tests.SessionServiceTests.JoinSession_ShouldReturnSessionWithAspectRatio [1 ms]
  Passed AstervoidsWeb.Tests.ObjectServiceTests.CreateObject_ShouldCreateObjectWithCorrectAffiliation [2 ms]
  Passed AstervoidsWeb.Tests.ObjectServiceTests.UpdateObject_AfterDeletion_ShouldReturnNull [< 1 ms]
  Passed AstervoidsWeb.Tests.SessionServiceTests.JoinSession_ShouldAddMemberAsClient [3 ms]
  Passed AstervoidsWeb.Tests.ObjectServiceTests.GetObjectCountByType_ShouldCountMatchingObjects [1 ms]
  Passed AstervoidsWeb.Tests.SessionServiceTests.CreateSession_ExceedsMaxSessions_ShouldFail [< 1 ms]
  Passed AstervoidsWeb.Tests.SessionServiceTests.LeaveSession_ClientLeaves_ShouldNotPromote [< 1 ms]
  Passed AstervoidsWeb.Tests.SessionServiceTests.LeaveSession_LastMemberLeaves_ShouldDestroySession [< 1 ms]
  Passed AstervoidsWeb.Tests.ObjectServiceTests.HandleMemberDeparture_MultipleObjectsMigrated_EachHasCorrectVersion [1 ms]
  Passed AstervoidsWeb.Tests.SessionServiceTests.LeaveSession_ServerLeaves_ShouldPromoteClient [< 1 ms]
  Passed AstervoidsWeb.Tests.ObjectServiceTests.UpdateObject_WithExpectedVersion_ShouldSucceed [< 1 ms]
  Passed AstervoidsWeb.Tests.SessionServiceTests.CreateSession_CreatorShouldBeServer [< 1 ms]
  Passed AstervoidsWeb.Tests.ObjectServiceTests.CreateObject_WithOwnerMemberId_ShouldSetDifferentOwner [< 1 ms]
  Passed AstervoidsWeb.Tests.ObjectServiceTests.UpdateObject_ShouldMergeData [< 1 ms]
  Passed AstervoidsWeb.Tests.SessionServiceTests.CreateSession_ShouldClampAspectRatioToValidRange [< 1 ms]
  Passed AstervoidsWeb.Tests.SessionServiceTests.CreateSession_ShouldStoreAspectRatio [< 1 ms]
  Passed AstervoidsWeb.Tests.ObjectServiceTests.DeleteObject_ShouldRemoveObject [< 1 ms]
  Passed AstervoidsWeb.Tests.SessionServiceTests.GetMemberByConnectionId_ShouldReturnMember [< 1 ms]
  Passed AstervoidsWeb.Tests.ObjectServiceTests.HandleMemberDeparture_MigratedObjects_ShouldIncludeNewVersion [< 1 ms]
  Passed AstervoidsWeb.Tests.ObjectServiceTests.DeleteObject_AlreadyDeleted_ShouldReturnFalseAndNotCorruptSession [< 1 ms]
  Passed AstervoidsWeb.Tests.ObjectServiceTests.HandleMemberDeparture_ClientLeaves_SessionScopedObjectsMigrated [6 ms]
  Passed AstervoidsWeb.Tests.ObjectServiceTests.ConcurrentCollision_TwoBulletsHitSameAsteroid_SecondDeleteIsSafe [2 ms]
  Passed AstervoidsWeb.Tests.ObjectServiceTests.CreateObject_InvalidSession_ShouldReturnNull [< 1 ms]
  Passed AstervoidsWeb.Tests.ObjectServiceTests.CreateObject_WithInvalidOwnerMemberId_ShouldReturnNull [< 1 ms]
  Passed AstervoidsWeb.Tests.ObjectServiceTests.UpdateObjects_WithVersionMismatch_ShouldPartiallySucceed [1 ms]
  Passed AstervoidsWeb.Tests.ObjectServiceTests.UpdateObject_WithWrongVersion_ShouldFail [< 1 ms]
[xUnit.net 00:00:00.29]   Finished:    AstervoidsWeb.Tests
  Passed AstervoidsWeb.Tests.ObjectServiceTests.CreateObject_ClientCreatesObject_ShouldHaveClientAffiliation [< 1 ms]
  Passed AstervoidsWeb.Tests.ObjectServiceTests.UpdateObjects_ShouldBatchUpdate [< 1 ms]
  Passed AstervoidsWeb.Tests.ObjectServiceTests.DeleteObject_NonExistent_ShouldReturnNull [< 1 ms]
  Passed AstervoidsWeb.Tests.ObjectServiceTests.GetSessionObjects_ShouldReturnAllObjects [< 1 ms]

Test Run Successful.
Total tests: 45
     Passed: 45
 Total time: 0.7990 Seconds
